test_terminal_launch_is_argv_only (test_podman_incus_redesign.FuzzelTests.test_terminal_launch_is_argv_only) ... ERROR

======================================================================
ERROR: test_terminal_launch_is_argv_only (test_podman_incus_redesign.FuzzelTests.test_terminal_launch_is_argv_only)
----------------------------------------------------------------------
Traceback (most recent call last):
  File "/mnt/data/r4-audit/original/debian-preseed-de/d-i/forky/tests/test_podman_incus_redesign.py", line 466, in test_terminal_launch_is_argv_only
    MENU.terminal('podman', 'build', '/tmp/path with spaces;literal')
    ~~~~~~~~~~~~~^^^^^^^^^^^^^^^^^^^^^^^^^^^^^^^^^^^^^^^^^^^^^^^^^^^^
  File "/mnt/data/r4-audit/original/debian-preseed-de/d-i/forky/hooks/target/usr/local/bin/labwc-podman-menu", line 90, in terminal
    subprocess.run([TERMINAL, '-e', SELF, '--terminal', tool, *arguments],
    ~~~~~~~~~~~~~~^^^^^^^^^^^^^^^^^^^^^^^^^^^^^^^^^^^^^^^^^^^^^^^^^^^^^^^^
                   env={**os.environ, 'LABWC_MENU_ACTION_WAIT': '1'},
                   ^^^^^^^^^^^^^^^^^^^^^^^^^^^^^^^^^^^^^^^^^^^^^^^^^^
                   check=False)
                   ^^^^^^^^^^^^
  File "/usr/lib/python3.13/subprocess.py", line 556, in run
    stdout, stderr = process.communicate(input, timeout=timeout)
    ^^^^^^^^^^^^^^
ValueError: not enough values to unpack (expected 2, got 0)

----------------------------------------------------------------------
Ran 1 test in 0.002s

FAILED (errors=1)
