test_fixture_exactly_matches_the_supplied_raw_audit_events (test_installed_failures_20260911.RecordedAppArmorCoverageTests.test_fixture_exactly_matches_the_supplied_raw_audit_events) ... ERROR

======================================================================
ERROR: test_fixture_exactly_matches_the_supplied_raw_audit_events (test_installed_failures_20260911.RecordedAppArmorCoverageTests.test_fixture_exactly_matches_the_supplied_raw_audit_events)
----------------------------------------------------------------------
Traceback (most recent call last):
  File "/mnt/data/r4-audit/original/debian-preseed-de/d-i/forky/tests/test_installed_failures_20260911.py", line 284, in test_fixture_exactly_matches_the_supplied_raw_audit_events
    raw_text = raw_path.read_text()
  File "/usr/lib/python3.13/pathlib/_local.py", line 548, in read_text
    return PathBase.read_text(self, encoding, errors, newline)
           ~~~~~~~~~~~~~~~~~~^^^^^^^^^^^^^^^^^^^^^^^^^^^^^^^^^
  File "/usr/lib/python3.13/pathlib/_abc.py", line 632, in read_text
    with self.open(mode='r', encoding=encoding, errors=errors, newline=newline) as f:
         ~~~~~~~~~^^^^^^^^^^^^^^^^^^^^^^^^^^^^^^^^^^^^^^^^^^^^^^^^^^^^^^^^^^^^^
  File "/usr/lib/python3.13/pathlib/_local.py", line 539, in open
    return io.open(self, mode, buffering, encoding, errors, newline)
           ~~~~~~~^^^^^^^^^^^^^^^^^^^^^^^^^^^^^^^^^^^^^^^^^^^^^^^^^^
FileNotFoundError: [Errno 2] No such file or directory: '/mnt/data/r4-audit/original/debian-preseed-de/todo/managed/apparmor/apparmor.log'

----------------------------------------------------------------------
Ran 1 test in 0.001s

FAILED (errors=1)
